*****************************************************************
      SolidWorks Corporation - IGES Processor Status Report
*****************************************************************
=================================================================
General Information
=================================================================
Sending System Product I.D.  : Noname
Receiving System Product I.D.: Noname
File Name                    : mtstrw10_287_f7_v7_s22_q7_fv0_fw5_fy1.igs
Sending System               :  By Spatial Corp.
Preprocessor Version         : XPlus ACIS/IGES 3.0
File Creation Date           : 20150401.231211
Model Creation Date          : 20150401.231211
Units                        : MM
Model Space Scale            : 1
Author                       : Noname
Organization                 : Noname


=================================================================
Entity Processing Information
=================================================================


=================================================================
Precision analysis of IGES file:
=================================================================
  Most prevalent number of significant digits:               1
  Highest number of significant digits:                     14
  Average number of significant digits:                3.26557
  Maximum distance to origin:                          290.086
  Minimum distance to origin:                                0
  Effective number of significant digits:                   14


=================================================================
Entity Summary
=================================================================
-----------------------------------------------------------------
Type Name                                         Count Converted
---- ----                                         ----- ---------
100  Arc                                             70        70
102  Composite curve                                 23        23
110  Line                                            60        60
120  Surface of revolution                           15        15
122  Tabulated cylinder                               6         6
124  Transformation matrix                           70        70
126  Rational B-spline curve                          4         4
142  Curve on a parametric surface                   23        23
144  Trimmed parametric surface                      21        21
_________________________________________________________________


=================================================================
Result Summary
=================================================================
SolidWorks Feature Type                Count
-----------------------                -----
Solid feature(s)                       1
Surface feature(s)                     0
Curve/Sketch feature(s)                0
--------------------------------------------
Start time: Wednesday, April 01, 2015 17:13:40
Finish time: Wednesday, April 01, 2015 17:13:43
Processing time: 0 days, 00 hours, 00 mins, 03 secs
